------------------------------------------------------------
Timing Analyzer Summary
------------------------------------------------------------

Type  : Slow 1100mV 85C Model Setup 'clk'
Slack : -2.256
TNS   : -19.775

Type  : Slow 1100mV 85C Model Hold 'clk'
Slack : 0.559
TNS   : 0.000

Type  : Slow 1100mV 85C Model Recovery 'clk'
Slack : -4.282
TNS   : -59.235

Type  : Slow 1100mV 85C Model Removal 'clk'
Slack : 0.860
TNS   : 0.000

Type  : Slow 1100mV 85C Model Minimum Pulse Width 'clk'
Slack : -0.724
TNS   : -19.987

Type  : Slow 1100mV 0C Model Setup 'clk'
Slack : -2.499
TNS   : -20.455

Type  : Slow 1100mV 0C Model Hold 'clk'
Slack : 0.532
TNS   : 0.000

Type  : Slow 1100mV 0C Model Recovery 'clk'
Slack : -4.410
TNS   : -58.248

Type  : Slow 1100mV 0C Model Removal 'clk'
Slack : 0.472
TNS   : 0.000

Type  : Slow 1100mV 0C Model Minimum Pulse Width 'clk'
Slack : -0.724
TNS   : -19.966

Type  : Fast 1100mV 85C Model Setup 'clk'
Slack : -0.531
TNS   : -1.568

Type  : Fast 1100mV 85C Model Hold 'clk'
Slack : 0.198
TNS   : 0.000

Type  : Fast 1100mV 85C Model Recovery 'clk'
Slack : -1.567
TNS   : -23.166

Type  : Fast 1100mV 85C Model Removal 'clk'
Slack : 0.319
TNS   : 0.000

Type  : Fast 1100mV 85C Model Minimum Pulse Width 'clk'
Slack : -0.258
TNS   : -1.725

Type  : Fast 1100mV 0C Model Setup 'clk'
Slack : -0.505
TNS   : -1.231

Type  : Fast 1100mV 0C Model Hold 'clk'
Slack : 0.189
TNS   : 0.000

Type  : Fast 1100mV 0C Model Recovery 'clk'
Slack : -1.396
TNS   : -19.939

Type  : Fast 1100mV 0C Model Removal 'clk'
Slack : 0.214
TNS   : 0.000

Type  : Fast 1100mV 0C Model Minimum Pulse Width 'clk'
Slack : -0.282
TNS   : -1.736

------------------------------------------------------------
